// Jest Snapshot v1, https://goo.gl/fbAQLP

exports[`AuthService should return a token when user login 1`] = `
Object {
  "token": "123.123.123",
}
`;
